MPLINK 5.09, LINKER
Linker Map File - Created Thu Sep  5 19:09:39 2019

                                 Section Info
                  Section       Type    Address   Location Size(Bytes)
                ---------  ---------  ---------  ---------  ---------
                   .org_0       code   0x000000    program   0x000002
                   .cinit    romdata   0x000001    program   0x000004
                   .org_1       code   0x000004    program   0x00015e
.config_2007_BUILD/DEFAULT/DEBUG/ATIVIDADE7.O       code   0x002007    program   0x000002



                              Program Memory Usage 
                               Start         End      
                           ---------   ---------      
                            0x000000    0x000002      
                            0x000004    0x0000b2      
                            0x002007    0x002007      
            179 out of 1158 program addresses used, program memory utilization is 15%



                              Symbols - Sorted by Name
                     Name    Address   Location    Storage File                     
                ---------  ---------  ---------  --------- ---------                
                   COMECO   0x00001c    program     static /home/andre/Documents/2019.1/Microcontroladores/atividade7.X/atividade7.ASM
                DELAY_100   0x00008d    program     static /home/andre/Documents/2019.1/Microcontroladores/atividade7.X/atividade7.ASM
               DELAY_10US   0x0000a8    program     static /home/andre/Documents/2019.1/Microcontroladores/atividade7.X/atividade7.ASM
                 DELAY_60   0x00009d    program     static /home/andre/Documents/2019.1/Microcontroladores/atividade7.X/atividade7.ASM
                  IGUAL10   0x00007a    program     static /home/andre/Documents/2019.1/Microcontroladores/atividade7.X/atividade7.ASM
                  IGUAL15   0x00007f    program     static /home/andre/Documents/2019.1/Microcontroladores/atividade7.X/atividade7.ASM
                  IGUAL20   0x000084    program     static /home/andre/Documents/2019.1/Microcontroladores/atividade7.X/atividade7.ASM
                   IGUAL5   0x000075    program     static /home/andre/Documents/2019.1/Microcontroladores/atividade7.X/atividade7.ASM
                   INICIO   0x00000d    program     static /home/andre/Documents/2019.1/Microcontroladores/atividade7.X/atividade7.ASM
                     MAIN   0x000018    program     static /home/andre/Documents/2019.1/Microcontroladores/atividade7.X/atividade7.ASM
                    MAIOR   0x000063    program     static /home/andre/Documents/2019.1/Microcontroladores/atividade7.X/atividade7.ASM
                  MAIOR20   0x000089    program     static /home/andre/Documents/2019.1/Microcontroladores/atividade7.X/atividade7.ASM
              MAIOR_IGUAL   0x000060    program     static /home/andre/Documents/2019.1/Microcontroladores/atividade7.X/atividade7.ASM
            MAIOR_IGUAL_L   0x00006c    program     static /home/andre/Documents/2019.1/Microcontroladores/atividade7.X/atividade7.ASM
                    MENOR   0x000064    program     static /home/andre/Documents/2019.1/Microcontroladores/atividade7.X/atividade7.ASM
                   MENOR5   0x000070    program     static /home/andre/Documents/2019.1/Microcontroladores/atividade7.X/atividade7.ASM
                  MENOR_L   0x00006d    program     static /home/andre/Documents/2019.1/Microcontroladores/atividade7.X/atividade7.ASM
                  SAI_INT   0x000007    program     static /home/andre/Documents/2019.1/Microcontroladores/atividade7.X/atividade7.ASM
               SUBROTINA1   0x00000c    program     static /home/andre/Documents/2019.1/Microcontroladores/atividade7.X/atividade7.ASM
           TEMPO_RESPOSTA   0x00002e    program     static /home/andre/Documents/2019.1/Microcontroladores/atividade7.X/atividade7.ASM
                TESTA_LOW   0x000067    program     static /home/andre/Documents/2019.1/Microcontroladores/atividade7.X/atividade7.ASM
        TESTE_INICIAL_GP3   0x00002b    program     static /home/andre/Documents/2019.1/Microcontroladores/atividade7.X/atividade7.ASM
      VERIFICAR_DISTANCIA   0x00005b    program     static /home/andre/Documents/2019.1/Microcontroladores/atividade7.X/atividade7.ASM
             _.org_1_0038   0x000038    program     static /home/andre/Documents/2019.1/Microcontroladores/atividade7.X/atividade7.ASM
             _.org_1_003A   0x00003a    program     static /home/andre/Documents/2019.1/Microcontroladores/atividade7.X/atividade7.ASM
             _.org_1_0096   0x000096    program     static /home/andre/Documents/2019.1/Microcontroladores/atividade7.X/atividade7.ASM
             _.org_1_00A6   0x0000a6    program     static /home/andre/Documents/2019.1/Microcontroladores/atividade7.X/atividade7.ASM



                              Symbols - Sorted by Address
                     Name    Address   Location    Storage File                     
                ---------  ---------  ---------  --------- ---------                
                  SAI_INT   0x000007    program     static /home/andre/Documents/2019.1/Microcontroladores/atividade7.X/atividade7.ASM
               SUBROTINA1   0x00000c    program     static /home/andre/Documents/2019.1/Microcontroladores/atividade7.X/atividade7.ASM
                   INICIO   0x00000d    program     static /home/andre/Documents/2019.1/Microcontroladores/atividade7.X/atividade7.ASM
                     MAIN   0x000018    program     static /home/andre/Documents/2019.1/Microcontroladores/atividade7.X/atividade7.ASM
                   COMECO   0x00001c    program     static /home/andre/Documents/2019.1/Microcontroladores/atividade7.X/atividade7.ASM
        TESTE_INICIAL_GP3   0x00002b    program     static /home/andre/Documents/2019.1/Microcontroladores/atividade7.X/atividade7.ASM
           TEMPO_RESPOSTA   0x00002e    program     static /home/andre/Documents/2019.1/Microcontroladores/atividade7.X/atividade7.ASM
             _.org_1_0038   0x000038    program     static /home/andre/Documents/2019.1/Microcontroladores/atividade7.X/atividade7.ASM
             _.org_1_003A   0x00003a    program     static /home/andre/Documents/2019.1/Microcontroladores/atividade7.X/atividade7.ASM
      VERIFICAR_DISTANCIA   0x00005b    program     static /home/andre/Documents/2019.1/Microcontroladores/atividade7.X/atividade7.ASM
              MAIOR_IGUAL   0x000060    program     static /home/andre/Documents/2019.1/Microcontroladores/atividade7.X/atividade7.ASM
                    MAIOR   0x000063    program     static /home/andre/Documents/2019.1/Microcontroladores/atividade7.X/atividade7.ASM
                    MENOR   0x000064    program     static /home/andre/Documents/2019.1/Microcontroladores/atividade7.X/atividade7.ASM
                TESTA_LOW   0x000067    program     static /home/andre/Documents/2019.1/Microcontroladores/atividade7.X/atividade7.ASM
            MAIOR_IGUAL_L   0x00006c    program     static /home/andre/Documents/2019.1/Microcontroladores/atividade7.X/atividade7.ASM
                  MENOR_L   0x00006d    program     static /home/andre/Documents/2019.1/Microcontroladores/atividade7.X/atividade7.ASM
                   MENOR5   0x000070    program     static /home/andre/Documents/2019.1/Microcontroladores/atividade7.X/atividade7.ASM
                   IGUAL5   0x000075    program     static /home/andre/Documents/2019.1/Microcontroladores/atividade7.X/atividade7.ASM
                  IGUAL10   0x00007a    program     static /home/andre/Documents/2019.1/Microcontroladores/atividade7.X/atividade7.ASM
                  IGUAL15   0x00007f    program     static /home/andre/Documents/2019.1/Microcontroladores/atividade7.X/atividade7.ASM
                  IGUAL20   0x000084    program     static /home/andre/Documents/2019.1/Microcontroladores/atividade7.X/atividade7.ASM
                  MAIOR20   0x000089    program     static /home/andre/Documents/2019.1/Microcontroladores/atividade7.X/atividade7.ASM
                DELAY_100   0x00008d    program     static /home/andre/Documents/2019.1/Microcontroladores/atividade7.X/atividade7.ASM
             _.org_1_0096   0x000096    program     static /home/andre/Documents/2019.1/Microcontroladores/atividade7.X/atividade7.ASM
                 DELAY_60   0x00009d    program     static /home/andre/Documents/2019.1/Microcontroladores/atividade7.X/atividade7.ASM
             _.org_1_00A6   0x0000a6    program     static /home/andre/Documents/2019.1/Microcontroladores/atividade7.X/atividade7.ASM
               DELAY_10US   0x0000a8    program     static /home/andre/Documents/2019.1/Microcontroladores/atividade7.X/atividade7.ASM


