MPLINK 5.09, LINKER
Linker Map File - Created Thu Sep  5 00:20:32 2019

                                 Section Info
                  Section       Type    Address   Location Size(Bytes)
                ---------  ---------  ---------  ---------  ---------
                   .org_0       code   0x000000    program   0x000000
                   .org_1       code   0x000000    program   0x000002
                   .org_2       code   0x000004    program   0x000080
.config_2007_/HOME/ANDRE/DOCUMENTS/2019.1/MIC       code   0x002007    program   0x000002



                              Program Memory Usage 
                               Start         End      
                           ---------   ---------      
                            0x000000    0x000000      
                            0x000004    0x000043      
                            0x002007    0x002007      
            66 out of 1158 program addresses used, program memory utilization is 5%



                              Symbols - Sorted by Name
                     Name    Address   Location    Storage File                     
                ---------  ---------  ---------  --------- ---------                
               FINALZINHO   0x00000b    program     static /home/andre/Documents/2019.1/Microcontroladores/Testando.X/testando.asm
                  IGUAL_L   0x000040    program     static /home/andre/Documents/2019.1/Microcontroladores/Testando.X/testando.asm
                   INICIO   0x000013    program     static /home/andre/Documents/2019.1/Microcontroladores/Testando.X/testando.asm
               LIMPA_FLAG   0x00000c    program     static /home/andre/Documents/2019.1/Microcontroladores/Testando.X/testando.asm
                     MAIN   0x000020    program     static /home/andre/Documents/2019.1/Microcontroladores/Testando.X/testando.asm
                    MAIOR   0x000036    program     static /home/andre/Documents/2019.1/Microcontroladores/Testando.X/testando.asm
              MAIOR_IGUAL   0x000033    program     static /home/andre/Documents/2019.1/Microcontroladores/Testando.X/testando.asm
            MAIOR_IGUAL_L   0x00003d    program     static /home/andre/Documents/2019.1/Microcontroladores/Testando.X/testando.asm
                  MAIOR_L   0x000041    program     static /home/andre/Documents/2019.1/Microcontroladores/Testando.X/testando.asm
                    MENOR   0x000037    program     static /home/andre/Documents/2019.1/Microcontroladores/Testando.X/testando.asm
                  MENOR_L   0x000042    program     static /home/andre/Documents/2019.1/Microcontroladores/Testando.X/testando.asm
                  SAI_INT   0x00000d    program     static /home/andre/Documents/2019.1/Microcontroladores/Testando.X/testando.asm
               SUBROTINA1   0x000012    program     static /home/andre/Documents/2019.1/Microcontroladores/Testando.X/testando.asm
                TESTA_LOW   0x000038    program     static /home/andre/Documents/2019.1/Microcontroladores/Testando.X/testando.asm



                              Symbols - Sorted by Address
                     Name    Address   Location    Storage File                     
                ---------  ---------  ---------  --------- ---------                
               FINALZINHO   0x00000b    program     static /home/andre/Documents/2019.1/Microcontroladores/Testando.X/testando.asm
               LIMPA_FLAG   0x00000c    program     static /home/andre/Documents/2019.1/Microcontroladores/Testando.X/testando.asm
                  SAI_INT   0x00000d    program     static /home/andre/Documents/2019.1/Microcontroladores/Testando.X/testando.asm
               SUBROTINA1   0x000012    program     static /home/andre/Documents/2019.1/Microcontroladores/Testando.X/testando.asm
                   INICIO   0x000013    program     static /home/andre/Documents/2019.1/Microcontroladores/Testando.X/testando.asm
                     MAIN   0x000020    program     static /home/andre/Documents/2019.1/Microcontroladores/Testando.X/testando.asm
              MAIOR_IGUAL   0x000033    program     static /home/andre/Documents/2019.1/Microcontroladores/Testando.X/testando.asm
                    MAIOR   0x000036    program     static /home/andre/Documents/2019.1/Microcontroladores/Testando.X/testando.asm
                    MENOR   0x000037    program     static /home/andre/Documents/2019.1/Microcontroladores/Testando.X/testando.asm
                TESTA_LOW   0x000038    program     static /home/andre/Documents/2019.1/Microcontroladores/Testando.X/testando.asm
            MAIOR_IGUAL_L   0x00003d    program     static /home/andre/Documents/2019.1/Microcontroladores/Testando.X/testando.asm
                  IGUAL_L   0x000040    program     static /home/andre/Documents/2019.1/Microcontroladores/Testando.X/testando.asm
                  MAIOR_L   0x000041    program     static /home/andre/Documents/2019.1/Microcontroladores/Testando.X/testando.asm
                  MENOR_L   0x000042    program     static /home/andre/Documents/2019.1/Microcontroladores/Testando.X/testando.asm


